[2026-09-22T14:27:21.889986] TO: real_hotel_87841@rivora-test.com | BUSINESS: Rivora Heritage Palace | OTP: 223642 | VALID_UNTIL: 2026-09-22 14:37:21 UTC
[2026-09-22T14:37:53.037848] TO: real_hotel_80125@rivora-test.com | BUSINESS: Rivora Heritage Palace | OTP: 939092 | VALID_UNTIL: 2026-09-22 14:47:52 UTC
[2026-09-22T14:51:46.832872] TO: unverified_8381@rivora.com | BUSINESS: Unverified Host | OTP: 581027 | VALID_UNTIL: 2026-09-22 15:01:46 UTC
[2026-09-22T14:53:08.733701] TO: real_hotel_19388@rivora-test.com | BUSINESS: Rivora Heritage Palace | OTP: 406463 | VALID_UNTIL: 2026-09-22 15:03:08 UTC
[2026-09-22T15:06:37.465671] TO: rawanreturns212@gmail.com | BUSINESS: demo | OTP: 329243 | VALID_UNTIL: 2026-09-22 15:16:36 UTC
[2026-09-23T15:25:19.320553] [LOGIN-OTP] TO: vicharemanish717@gmail.com | BUSINESS: MVVERSE | OTP: 920886 | VALID_UNTIL: 2026-09-23 15:35:19 UTC
[2026-09-23T15:28:46.267736] [LOGIN-OTP] TO: vicharemanish717@gmail.com | BUSINESS: MVVERSE | OTP: 199128 | VALID_UNTIL: 2026-09-23 15:38:46 UTC
[2026-09-23T15:54:58.640048] TO: vicharemanish717@gmail.com | BUSINESS: Manish Test | OTP: 123456 | VALID_UNTIL: 2026-09-23 16:04:58 UTC
[2026-09-23T16:07:52.821947] TO: real_hotel_34812@rivora-test.com | BUSINESS: Rivora Heritage Palace | OTP: 453498 | VALID_UNTIL: 2026-09-23 16:17:52 UTC
[2026-09-23T16:08:16.275425] [LOGIN-OTP] TO: real_hotel_34812@rivora-test.com | BUSINESS: Rivora Heritage Palace | OTP: 801389 | VALID_UNTIL: 2026-09-23 16:18:16 UTC
[2026-09-23T16:29:26.510590] TO: real_hotel_53103@rivora-test.com | BUSINESS: Rivora Heritage Palace | OTP: 736029 | VALID_UNTIL: 2026-09-23 16:39:25 UTC
[2026-09-23T16:29:51.362635] [LOGIN-OTP] TO: real_hotel_53103@rivora-test.com | BUSINESS: Rivora Heritage Palace | OTP: 604698 | VALID_UNTIL: 2026-09-23 16:39:51 UTC
[2026-09-23T16:36:32.981216] TO: real_hotel_55560@rivora-test.com | BUSINESS: Rivora Heritage Palace | OTP: 308064 | VALID_UNTIL: 2026-09-23 16:46:32 UTC
[2026-09-23T16:36:38.939111] [LOGIN-OTP] TO: real_hotel_55560@rivora-test.com | BUSINESS: Rivora Heritage Palace | OTP: 486819 | VALID_UNTIL: 2026-09-23 16:46:38 UTC
[2026-09-23T16:36:49.184672] [LOGIN-OTP] TO: provider@test.com | BUSINESS: Rivora Grand Hotel | OTP: 110532 | VALID_UNTIL: 2026-09-23 16:46:49 UTC
[2026-09-23T16:37:05.322527] [LOGIN-OTP] TO: seeker@test.com | BUSINESS: Elite Events | OTP: 999349 | VALID_UNTIL: 2026-09-23 16:47:05 UTC
[2026-09-23T17:09:08.846590] TO: real_hotel_37462@rivora-test.com | BUSINESS: Rivora Heritage Palace | OTP: 959986 | VALID_UNTIL: 2026-09-23 17:19:08 UTC
[2026-09-23T17:09:13.070988] [LOGIN-OTP] TO: real_hotel_37462@rivora-test.com | BUSINESS: Rivora Heritage Palace | OTP: 966026 | VALID_UNTIL: 2026-09-23 17:19:13 UTC
[2026-09-23T17:09:21.712035] [LOGIN-OTP] TO: provider@test.com | BUSINESS: Rivora Grand Hotel | OTP: 746438 | VALID_UNTIL: 2026-09-23 17:19:21 UTC
[2026-09-23T17:09:30.353084] [LOGIN-OTP] TO: seeker@test.com | BUSINESS: Elite Events | OTP: 672049 | VALID_UNTIL: 2026-09-23 17:19:30 UTC
[2026-09-23T17:12:27.838796] TO: rawanreturns212@gmail.com | BUSINESS: demo | OTP: 296574 | VALID_UNTIL: 2026-09-23 17:22:27 UTC
[2026-09-23T17:13:50.816001] TO: rawanreturns212@gmail.com | BUSINESS: demo | OTP: 849422 | VALID_UNTIL: 2026-09-23 17:22:27 UTC
[2026-09-23T17:16:52.018758] TO: manishprakashvichare@gmail.com | BUSINESS: demo | OTP: 917181 | VALID_UNTIL: 2026-09-23 17:26:51 UTC
